// Jest Snapshot v1, https://goo.gl/fbAQLP

exports[`Logo 1`] = `
<div
  className="header-logo"
>
  <Link
    href="https://localhost/"
  >
    <a>
      Isystk's Frontend Sample
    </a>
  </Link>
</div>
`;
